---
source: crates/fig_integrations/src/shell/mod.rs
expression: integration.get_contents()
---
_KIRO_CLI_LOCAL_BIN="$HOME/.local/bin"
[[ ":$PATH:" != *":$_KIRO_CLI_LOCAL_BIN:"* ]] && PATH="${PATH:+"$PATH:"}$_KIRO_CLI_LOCAL_BIN"
unset _KIRO_CLI_LOCAL_BIN

[ -n "$BASH_VERSION" ] && command -v kiro-cli >/dev/null 2>&1 && eval "$(kiro-cli init bash pre --rcfile profile)"
